<html>
<body>
<pre>
<h1>µVision Build Log</h1>
<h2>Tool Versions:</h2>
IDE-Version: µVision V5.27.0.0
Copyright (C) 2018 ARM Ltd and ARM Germany GmbH. All rights reserved.
License Information: Spencer Neuschmid, UCSC, LIC=----
 
Tool Versions:
Toolchain:       MDK-Lite  Version: 5.27.0.0
Toolchain Path:  E:\Keil\Core\ARM\ARMCC\Bin
C Compiler:      Armcc.exe V5.06 update 6 (build 750)
Assembler:       Armasm.exe V5.06 update 6 (build 750)
Linker/Locator:  ArmLink.exe V5.06 update 6 (build 750)
Library Manager: ArmAr.exe V5.06 update 6 (build 750)
Hex Converter:   FromElf.exe V5.06 update 6 (build 750)
CPU DLL:         SARMCM3.DLL V5.27.0.0
Dialog DLL:      DCM.DLL V1.17.2.0
Target DLL:      STLink\ST-LINKIII-KEIL_SWO.dll V3.0.5.0
Dialog DLL:      TCM.DLL V1.36.1.0
 
<h2>Project:</h2>
E:\UCSC\School Work\Winter 19\SlugSat\github\CommandControl\Power\pmode_test_rcv\MDK-ARM\pmode_test_rcv.uvprojx
Project File Date:  04/13/2019

<h2>Output:</h2>
*** Using Compiler 'V5.06 update 6 (build 750)', folder: 'E:\Keil\Core\ARM\ARMCC\Bin'
Build target 'pmode_test_rcv'
compiling main.c...
../Src/main.c(143): warning:  #188-D: enumerated type mixed with another type
  					HAL_GPIO_WritePin(GPIOA, DETUMBLE_Pin, tmp);
../Src/main.c(153): warning:  #188-D: enumerated type mixed with another type
  					HAL_GPIO_WritePin(GPIOB, DEAD_Pin, tmp);
../Src/main.c(163): warning:  #188-D: enumerated type mixed with another type
  					HAL_GPIO_WritePin(GPIOB, NORMAL_Pin, tmp);
../Src/main.c(173): warning:  #188-D: enumerated type mixed with another type
  					HAL_GPIO_WritePin(GPIOA, ULOW_Pin, tmp);
../Src/main.c(183): warning:  #188-D: enumerated type mixed with another type
  					HAL_GPIO_WritePin(GPIOA, LOW_Pin, tmp);
../Src/main.c(193): warning:  #188-D: enumerated type mixed with another type
  					HAL_GPIO_WritePin(GPIOC, ECLIPSE_Pin, tmp);
../Src/main.c(203): warning:  #188-D: enumerated type mixed with another type
  					HAL_GPIO_WritePin(GPIOB, SCILOG_Pin, tmp);
../Src/main.c(207): warning:  #188-D: enumerated type mixed with another type
  					state = 255; // Error
../Src/main.c: 8 warnings, 0 errors
linking...
Program Size: Code=5544 RO-data=352 RW-data=28 ZI-data=1028  
FromELF: creating hex file...
"pmode_test_rcv\pmode_test_rcv.axf" - 0 Error(s), 8 Warning(s).

<h2>Software Packages used:</h2>

Package Vendor: ARM
                http://www.keil.com/pack/ARM.CMSIS.5.4.0.pack
                ARM.CMSIS.5.4.0
                CMSIS (Cortex Microcontroller Software Interface Standard)
   * Component: CORE Version: 5.1.2

Package Vendor: Keil
                http://www.keil.com/pack/Keil.STM32L1xx_DFP.1.2.0.pack
                Keil.STM32L1xx_DFP.1.2.0
                STMicroelectronics STM32L1 Series Device Support and Examples

<h2>Collection of Component include folders:</h2>
  .\RTE\_pmode_test_rcv
  E:\Keil\Core\ARM\PACK\ARM\CMSIS\5.4.0\CMSIS\Core\Include
  E:\Keil\Core\ARM\PACK\Keil\STM32L1xx_DFP\1.2.0\Device\Include

<h2>Collection of Component Files used:</h2>

   * Component: ARM::CMSIS:CORE:5.1.2
Build Time Elapsed:  00:00:02
</pre>
</body>
</html>
